// Jest Snapshot v1, https://goo.gl/fbAQLP

exports[`[component]: PropertyValue Should match default style 1`] = `
<body>
  <div>
    <p
      class="MuiTypography-root MuiTypography-body1 css-ahj2mt-MuiTypography-root"
    >
      <span
        class="MuiBox-root css-1vg6q84"
      >
        property
        :
      </span>
      Â 
      value
    </p>
  </div>
</body>
`;
